                                                                                
        ╭──────────────────────────────────────────────────────────────╮        
        │                                                              │        
        │   Hiragana · Básico   ‹ 1/6 ›                                │        
        │                                                              │        
        │                                                              │        
        │                                                              │        
        │                                                              │        
        │                                                              │        
        │                                                              │        
        │                                                              │        
        │                                                              │        
        │                                                              │        
        │                                                              │        
        │                                                              │        
        │                                                              │        
        │                                                              │        
        │   a                                                          │        
        │                                                              │        
        │   あ a                                                       │        
        │                                                              │        
        │   か ka                                                      │        
        │                                                              │        
        │                                                              │        
        │                                                              │        
        │                                                              │        
        │                                                              │        
        │                                                              │        
        │                                                              │        
        │                                                              │        
        │                                                              │        
        │                                                              │        
        │                                                              │        
        │                                                              │        
        │                                                              │        
        │                                                              │        
        │   ← → cambiar página · ESC volver                            │        
        │                                                              │        
        ╰──────────────────────────────────────────────────────────────╯        
                                                                                