╭─────────────────────────────────────╮
│                                     │
│   Mis estadísticas                  │
│                                     │
│   Nivel N5  █████░░░░░ 50%  (1/2)   │
│   ▲ Racha: 5 días  (récord: 12)     │
│   Hiragana: 1   Katakana: 1         │
│                                     │
│   ESC volver al menú                │
│                                     │
╰─────────────────────────────────────╯