╭──────────────────────────────────────────────────────────────╮
│                                                              │
│   Mis estadísticas                                           │
│                                                              │
│   ★ XP: 1240                                                 │
│   1/2 palabras aprendidas                                    │
│   ▲ Racha: 5 días  (récord: 12)                              │
│   Hiragana: 1   Katakana: 1                                  │
│                                                              │
│   ESC volver al menú                                         │
│                                                              │
│                                                              │
│                                                              │
│                                                              │
│                                                              │
│                                                              │
│                                                              │
│                                                              │
│                                                              │
│                                                              │
│                                                              │
╰──────────────────────────────────────────────────────────────╯