╭──────────────────────────────────────────────────────────────╮
│                                                              │
│   Elige tu avatar                                            │
│                                                              │
│   Estos avatares se generan desde tu nombre.                 │
│                                                              │
│   ▸ 1          2          3          4          5            │
│   ┌────────┐ ██████████     ██     ██  ██  ██   ██  ██       │
│   │        │   ██  ██       ██     ██████████ ██      ██     │
│   │   S    │ ██      ██   ██  ██     ██████                  │
│   │        │ ██████████   ██████                             │
│   └────────┘   ██████     ██████   ██████████ ██████████     │
│                                                              │
│   ←/→ mover · 1-5 elegir · ENTER confirmar · ESC volver      │
│                                                              │
│                                                              │
│                                                              │
│                                                              │
│                                                              │
│                                                              │
│                                                              │
╰──────────────────────────────────────────────────────────────╯