╭──────────────────────────────────────────────────────────────╮
│                                                              │
│   Crea tu perfil                                             │
│                                                              │
│   ¿Cómo te llamas?                                           │
│                                                              │
│   > Tu nombre                                                │
│                                                              │
│   Escribe tu nombre · ENTER continuar                        │
│                                                              │
│                                                              │
│                                                              │
│                                                              │
│                                                              │
│                                                              │
│                                                              │
│                                                              │
│                                                              │
│                                                              │
│                                                              │
│                                                              │
╰──────────────────────────────────────────────────────────────╯