╭──────────────────────────────────────────────────────────────╮
│                                                              │
│   ¡Todo listo!                                               │
│                                                              │
│   Te recomiendo empezar por el Entrenador de Kana.           │
│                                                              │
│   ENTER  ir al menú principal                                │
│                                                              │
│                                                              │
│                                                              │
│                                                              │
│                                                              │
│                                                              │
│                                                              │
│                                                              │
│                                                              │
│                                                              │
│                                                              │
│                                                              │
│                                                              │
│                                                              │
╰──────────────────────────────────────────────────────────────╯