╭──────────────────────────────────────────────────────────────╮
│                                                              │
│   Práctica guiada                                            │
│                                                              │
│   みず  (mizu)                                               │
│   ¿Qué significa esta palabra?                               │
│                                                              │
│   ▸ 1) Fuego                                                 │
│     2) Agua                                                  │
│     3) Gato                                                  │
│     4) Árbol                                                 │
│                                                              │
│   1-4 elegir · ↑/↓ mover · ENTER confirmar · ESC menú        │
│                                                              │
│                                                              │
│                                                              │
│                                                              │
│                                                              │
│                                                              │
│                                                              │
│                                                              │
│                                                              │
╰──────────────────────────────────────────────────────────────╯