---
source: term/src/golden.rs
expression: "snapshot(|f, inner, theme| m.render(f, inner, theme, msgs()))"
---



        ╭──────────────────────────────────────────────────────────────╮
        │                                                              │
        │   ██████ ██████ ██     ██  ██ ██████ ██     ██████ ██████    │
        │   ██  ██ ██  ██ ██      ████  ██     ██     ██  ██   ██      │
        │   ██████ ██  ██ ██       ██   ██ ███ ██     ██  ██   ██      │
        │   ██     ██████ ██████   ██   ██████ ██████ ██████   ██      │
        │                                                              │
        │   ⠀⠀⠀⣠⡔⠆⠩⠙⠛⠙⠴⣦⣄⠀⠀⠀       v0.1.0 · es → ja                    │
        │   ⠀⣠⣾⣿⣿⣶⣶⣄⣀⣀⡰⠿⠉⠑⢄⠀                                           │
        │   ⠰⣷⣿⣿⣿⣿⣿⣿⡛⠩⠀⠀⠀⠀⠈⠆       ★ XP: 42                            │
        │   ⡏⣿⣿⣿⣿⣿⢿⠛⡄⠀⠀⠀⠀⠀⠀⢸       ▲ Racha: 3 días                     │
        │   ⡇⠏⠹⣿⠿⢿⠈⠈⠁⠀⠀⠀⠀⠀⠀⢸                                           │
        │   ⠰⡀⠀⡜⠀⠐⡄⠀⠀⠀⠀⠀⠀⠀⢀⠆         ⇄ Yui · Cambiar de perfil         │
        │   ⠀⠑⢄⠀⠹⠑⠀⠠⠤⠀⠀⢀⠀⡠⠊⠀                                           │
        │   ⠀⠀⠀⠑⠢⠶⣿⣷⣾⣦⠠⠔⠊⠀⠀⠀       ▸ ◆  Aprender ›                     │
        │                            ◫  Leer ›                         │
        │                            ◉  Evaluar ›                      │
        │                            ▩  Herramientas ›                 │
        │                            ⚙  Ajustes                        │
        │                            ⏻  Salir                          │
        │   ↑/↓ moverse · ENTER entrar/cambiar perfil · Q salir        │
        │                                                              │
        ╰──────────────────────────────────────────────────────────────╯
