╭──────────────────────────────────────────────────────────────╮
│                                                              │
│   Ajustes                                                    │
│                                                              │
│   ▸ Borrar mi perfil                                         │
│     Borrar todos los datos                                   │
│                                                              │
│   ESC volver al menú                                         │
│                                                              │
│                                                              │
│                                                              │
│                                                              │
│                                                              │
│                                                              │
│                                                              │
│                                                              │
│                                                              │
│                                                              │
│                                                              │
│                                                              │
│                                                              │
╰──────────────────────────────────────────────────────────────╯