╭──────────────────────────────────────────────────────────────╮
│                                                              │
│   Ajustes                                                    │
│                                                              │
│   ▸ Mostrar romaji: No                                       │
│     Borrar mi perfil                                         │
│     Borrar todos los datos                                   │
│                                                              │
│   ↑/↓ moverse · ENTER cambiar/confirmar · ESC volver         │
│                                                              │
│                                                              │
│                                                              │
│                                                              │
│                                                              │
│                                                              │
│                                                              │
│                                                              │
│                                                              │
│                                                              │
│                                                              │
│                                                              │
╰──────────────────────────────────────────────────────────────╯