╭──────────────────────────────────────────────────────────────╮
│                                                              │
│   Ajustes                                                    │
│                                                              │
│   ▸ Borrar todos los datos                                   │
│                                                              │
│   ESC volver al menú                                         │
│                                                              │
│                                                              │
│                                                              │
│                                                              │
│                                                              │
│                                                              │
│                                                              │
│                                                              │
│                                                              │
│                                                              │
│                                                              │
│                                                              │
│                                                              │
│                                                              │
╰──────────────────────────────────────────────────────────────╯