╭──────────────────────────────────────────────────────────────╮
│                                                              │
│   Borrar mi perfil                                           │
│                                                              │
│   Esto borra solo el perfil actual y su progreso. No se      │
│   puede deshacer.                                            │
│                                                              │
│   ▸ Cancelar                                                 │
│     Sí, borrar mi perfil                                     │
│                                                              │
│   ↑/↓ elegir · ENTER confirmar · ESC cancelar                │
│                                                              │
│                                                              │
│                                                              │
│                                                              │
│                                                              │
│                                                              │
│                                                              │
│                                                              │
│                                                              │
│                                                              │
│                                                              │
╰──────────────────────────────────────────────────────────────╯