╭──────────────────────────────────────────────────────────────╮
│                                                              │
│   Borrar todos los datos                                     │
│                                                              │
│   Esto borra todos los perfiles, progreso y estadísticas.    │
│   No se puede deshacer.                                      │
│                                                              │
│   ▸ Cancelar                                                 │
│     Sí, borrar todo                                          │
│                                                              │
│   ↑/↓ elegir · ENTER confirmar · ESC cancelar                │
│                                                              │
│                                                              │
│                                                              │
│                                                              │
│                                                              │
│                                                              │
│                                                              │
│                                                              │
│                                                              │
│                                                              │
╰──────────────────────────────────────────────────────────────╯