╭──────────────────────────────────────────────────────────────╮
│                                                              │
│   Repaso  1/2                                                │
│   4 tarjetas nuevas en espera: entran poco a poco para       │
│   consolidar lo aprendido.                                   │
│                                                              │
│   Gracias                                                    │
│                                                              │
│   ESPACIO revelar · ESC menú                                 │
│                                                              │
│                                                              │
│                                                              │
│                                                              │
│                                                              │
│                                                              │
│                                                              │
│                                                              │
│                                                              │
│                                                              │
│                                                              │
│                                                              │
│                                                              │
╰──────────────────────────────────────────────────────────────╯