╭──────────────────────────────────────────────────────────────╮
│                                                              │
│   Repaso  2/2                                                │
│                                                              │
│   あ                                                         │
│                                                              │
│   a                                                          │
│                                                              │
│   ¿Qué tal lo recordaste?                                    │
│   [1] Otra vez (hoy)                                         │
│   [2] Difícil (1d)                                           │
│   [3] Bien (1d)                                              │
│   [4] Fácil (4d)                                             │
│   ESC volver al menú                                         │
│                                                              │
│                                                              │
│                                                              │
│                                                              │
│                                                              │
│                                                              │
│                                                              │
│                                                              │
╰──────────────────────────────────────────────────────────────╯