╭──────────────────────────────────────────────────────────────╮
│                                                              │
│   Repaso  1/2                                                │
│                                                              │
│   Gracias                                                    │
│                                                              │
│   ESPACIO revelar · ESC menú                                 │
│                                                              │
│                                                              │
│                                                              │
│                                                              │
│                                                              │
│                                                              │
│                                                              │
│                                                              │
│                                                              │
│                                                              │
│                                                              │
│                                                              │
│                                                              │
│                                                              │
│                                                              │
╰──────────────────────────────────────────────────────────────╯