╭──────────────────────────────────────────────────────────────╮
│                                                              │
│   ¡Sesión completada!                                        │
│                                                              │
│   Tarjetas repasadas: 2                                      │
│                                                              │
│   ESC volver al menú                                         │
│                                                              │
│                                                              │
│                                                              │
│                                                              │
│                                                              │
│                                                              │
│                                                              │
│                                                              │
│                                                              │
│                                                              │
│                                                              │
│                                                              │
│                                                              │
│                                                              │
│                                                              │
╰──────────────────────────────────────────────────────────────╯