╭──────────────────────────────────────────────────────────────╮
│                                                              │
│   ⠀⠀⠀⣠⡔⠆⠩⠙⠛⠙⠴⣦⣄⠀⠀⠀   Polyglot  vtest  es → ja                │
│   ⠀⣠⣾⣿⣿⣶⣶⣄⣀⣀⡰⠿⠉⠑⢄⠀   ★ XP: 1240                              │
│   ⠰⣷⣿⣿⣿⣿⣿⣿⡛⠩⠀⠀⠀⠀⠈⠆   ▲ Racha: 5 días · ✓ 8/20                │
│   ⡏⣿⣿⣿⣿⣿⢿⠛⡄⠀⠀⠀⠀⠀⠀⢸     ⇄ Sebastián · Cambiar de perfil       │
│   ⡇⠏⠹⣿⠿⢿⠈⠈⠁⠀⠀⠀⠀⠀⠀⢸                                           │
│   ⠰⡀⠀⡜⠀⠐⡄⠀⠀⠀⠀⠀⠀⠀⢀⠆                                           │
│   ⠀⠑⢄⠀⠹⠑⠀⠠⠤⠀⠀⢀⠀⡠⠊⠀                                           │
│   ⠀⠀⠀⠑⠢⠶⣿⣷⣾⣦⠠⠔⠊⠀⠀⠀                                           │
│                                                              │
│   │   ¿Qué quieres estudiar hoy?                             │
│                                                              │
│   ▸ ◇  Entrenador de Kana                                    │
│     ▣  Flashcards (repaso espaciado)                         │
│     ✓  Quiz de opción múltiple                               │
│     ▤  Mis estadísticas                                      │
│     ⚙  Ajustes                                               │
│     ⏻  Salir                                                 │
│   ↑/↓ moverse · ENTER elegir/cambiar perfil · Q salir        │
│                                                              │
╰──────────────────────────────────────────────────────────────╯