╭──────────────────────────────────────────────────────────────╮
│                                                              │
│                                                              │
│                                                              │
│   ██████ ██████ ██     ██  ██ ██████ ██     ██████ ██████    │
│   ██  ██ ██  ██ ██      ████  ██     ██     ██  ██   ██      │
│   ██████ ██  ██ ██       ██   ██ ███ ██     ██  ██   ██      │
│   ██     ██████ ██████   ██   ██████ ██████ ██████   ██      │
│                                                              │
│   ⠀⠀⠀⣠⡔⠆⠩⠙⠛⠙⠴⣦⣄⠀⠀⠀                                           │
│   ⠀⣠⣾⣿⣿⣶⣶⣄⣀⣀⡰⠿⠉⠑⢄⠀       vtest · es → ja                     │
│   ⠰⣷⣿⣿⣿⣿⣿⣿⡛⠩⠀⠀⠀⠀⠈⠆       ★ XP: 1240                          │
│   ⡏⣿⣿⣿⣿⣿⢿⠛⡄⠀⠀⠀⠀⠀⠀⢸       ▲ Racha: 5 días                     │
│   ⡇⠏⠹⣿⠿⢿⠈⠈⠁⠀⠀⠀⠀⠀⠀⢸       ▸ あ  Entrenador de Kana            │
│   ⠰⡀⠀⡜⠀⠐⡄⠀⠀⠀⠀⠀⠀⠀⢀⠆         ▣  Flashcards                     │
│   ⠀⠑⢄⠀⠹⠑⠀⠠⠤⠀⠀⢀⠀⡠⠊⠀         ◧  Rikai (gramática)              │
│   ⠀⠀⠀⠑⠢⠶⣿⣷⣾⣦⠠⠔⠊⠀⠀⠀                                           │
│                                                              │
│                                                              │
│                                                              │
│   ↑/↓ moverse · ENTER elegir · ESC volver                    │
│                                                              │
╰──────────────────────────────────────────────────────────────╯