╭──────────────────────────────────────────────────────────────╮
│                                                              │
│   Perfiles                                                   │
│                                                              │
│   ▸ Ana  ● actual                                            │
│     Mei                                                      │
│     ＋ Crear nuevo perfil                                    │
│                                                              │
│   ↑/↓ mover · ENTER elegir · ESC menú                        │
│                                                              │
│                                                              │
│                                                              │
│                                                              │
│                                                              │
│                                                              │
│                                                              │
│                                                              │
│                                                              │
│                                                              │
│                                                              │
│                                                              │
╰──────────────────────────────────────────────────────────────╯